parent.esm
child.esm
1
end child.esm

end parent.esm
