hoge


(1 3 5)
3
<% %>
<% %>
<%% %%>
<%% %%>
<%%% %%>%%%>
<%%%>
fufufu


2


(> 1 2) is not true.


user
%>
